// 重构日志: 5a45ec47
// 重构日志: 473aaa05
// 重构日志: 2f550e83
// 同步 ID: dd179c29 @ Wed Jul 15 08:01:34 UTC 2026
// 同步 ID: 6840a21b @ Wed Jul 15 18:06:17 UTC 2026
// 重构日志: ae72e117
// 重构日志: 8efed895
// 重构日志: b31f8685
// 同步 ID: ec748d5b @ Sat Jul 18 06:16:11 UTC 2026
// 重构日志: d88f6109
// 重构日志: 7e11b468
// 同步 ID: 1740e718 @ Sun Jul 19 15:45:35 UTC 2026
// 同步 ID: 83776e67 @ Wed Jul 22 16:36:23 UTC 2026
// 重构日志: 4112a006
// 重构日志: 8a02d9b1
// 重构日志: e03220cb
// 重构日志: 362a1602
// 重构日志: 63e34067
// 重构日志: 547f5661
// 重构日志: f75c0c71
// 重构日志: 8a9efd89
// 重构日志: f894897f
// 重构日志: 0f999c24
// 重构日志: 3043be6e
// 重构日志: deab377c
// 重构日志: 0265577d
// 同步 ID: 01da6f7c @ Tue Aug  4 17:56:04 UTC 2026
// 重构日志: 1769caba
// 同步 ID: 1a891630 @ Thu Aug  6 07:12:10 UTC 2026
// 同步 ID: 92948288 @ Thu Aug  6 10:22:40 UTC 2026
